// Jest Snapshot v1, https://goo.gl/fbAQLP

exports[`Alert banner snapshot 1`] = `<DocumentFragment />`;
