// Jest Snapshot v1, https://goo.gl/fbAQLP

exports[`Count Button snapshot 1`] = `
<DocumentFragment>
  <button
    class="EditMenuItemButton"
  >
    Edit Item
  </button>
</DocumentFragment>
`;
